============================================================
  Generated by:           Genus(TM) Synthesis Solution 17.14-s037_1
  Generated on:           Jun 02 2026  02:20:12 am
  Module:                 top_ti
  Technology libraries:   saed14rvt_tt0p8v25c 
                          saed14rvt_ss0p72v25c 
                          saed14rvt_ff0p88v25c 
  Operating conditions:   _nominal_ (balanced_tree)
  Wireload mode:          enclosed
  Area mode:              timing library
============================================================

                                                  
           Gate            Instances     Area             Library        
-------------------------------------------------------------------------
SAEDRVT14_ADDF_V1_0P5             10       10.212    saed14rvt_tt0p8v25c 
SAEDRVT14_ADDF_V1_1           631197   644578.376    saed14rvt_tt0p8v25c 
SAEDRVT14_ADDF_V1_2             1027     1094.371    saed14rvt_tt0p8v25c 
SAEDRVT14_ADDF_V2_1              823     1023.154    saed14rvt_tt0p8v25c 
SAEDRVT14_ADDF_V2_2               20       26.640    saed14rvt_tt0p8v25c 
SAEDRVT14_ADDH_0P5            324414   216059.724    saed14rvt_tt0p8v25c 
SAEDRVT14_ADDH_1                 361      272.483    saed14rvt_tt0p8v25c 
SAEDRVT14_AN2B_MM_1            14258     5697.497    saed14rvt_tt0p8v25c 
SAEDRVT14_AN2B_MM_2               37       22.999    saed14rvt_tt0p8v25c 
SAEDRVT14_AN2B_MM_4              931      496.037    saed14rvt_tt0p8v25c 
SAEDRVT14_AN2B_MM_6                2        1.421    saed14rvt_tt0p8v25c 
SAEDRVT14_AN2B_MM_8                1        0.888    saed14rvt_tt0p8v25c 
SAEDRVT14_AN2B_PMM_2              72       31.968    saed14rvt_tt0p8v25c 
SAEDRVT14_AN2_1                22722     7061.998    saed14rvt_tt0p8v25c 
SAEDRVT14_AN2_4                   13        6.926    saed14rvt_tt0p8v25c 
SAEDRVT14_AN2_MM_0P5               6        1.865    saed14rvt_tt0p8v25c 
SAEDRVT14_AN2_MM_1             22959     7135.657    saed14rvt_tt0p8v25c 
SAEDRVT14_AN2_MM_3                53       21.179    saed14rvt_tt0p8v25c 
SAEDRVT14_AN2_MM_4                40       21.312    saed14rvt_tt0p8v25c 
SAEDRVT14_AN3_0P5               8986     3191.827    saed14rvt_tt0p8v25c 
SAEDRVT14_AN3_0P75             28942    10280.198    saed14rvt_tt0p8v25c 
SAEDRVT14_AN3_2                   11        4.396    saed14rvt_tt0p8v25c 
SAEDRVT14_AN3_4                   69       42.890    saed14rvt_tt0p8v25c 
SAEDRVT14_AN3_8                  784      835.430    saed14rvt_tt0p8v25c 
SAEDRVT14_AN4_0P5              18372     7341.451    saed14rvt_tt0p8v25c 
SAEDRVT14_AN4_0P75                95       37.962    saed14rvt_tt0p8v25c 
SAEDRVT14_AN4_1                21175     8461.530    saed14rvt_tt0p8v25c 
SAEDRVT14_AO21B_0P5           117389    41696.573    saed14rvt_tt0p8v25c 
SAEDRVT14_AO21_1              202215    71826.768    saed14rvt_tt0p8v25c 
SAEDRVT14_AO21_2                 688      274.925    saed14rvt_tt0p8v25c 
SAEDRVT14_AO21_U_0P5             716      254.323    saed14rvt_tt0p8v25c 
SAEDRVT14_AO221_0P5           151671    74076.116    saed14rvt_tt0p8v25c 
SAEDRVT14_AO221_1               5203     2541.145    saed14rvt_tt0p8v25c 
SAEDRVT14_AO221_2                495      285.714    saed14rvt_tt0p8v25c 
SAEDRVT14_AO222_1             129347    97631.116    saed14rvt_tt0p8v25c 
SAEDRVT14_AO22_0P5             26041    13874.645    saed14rvt_tt0p8v25c 
SAEDRVT14_AO22_1               29027    15465.586    saed14rvt_tt0p8v25c 
SAEDRVT14_AO2BB2_1              1689     1049.882    saed14rvt_tt0p8v25c 
SAEDRVT14_AO2BB2_2                 3        1.998    saed14rvt_tt0p8v25c 
SAEDRVT14_AO2BB2_4                18       12.787    saed14rvt_tt0p8v25c 
SAEDRVT14_AO31_1                 127       78.943    saed14rvt_tt0p8v25c 
SAEDRVT14_AO32_1               45716    20297.904    saed14rvt_tt0p8v25c 
SAEDRVT14_AO32_U_0P5           17976     7981.344    saed14rvt_tt0p8v25c 
SAEDRVT14_AO33_1                   9        4.795    saed14rvt_tt0p8v25c 
SAEDRVT14_AOI21_0P5             9883     2632.831    saed14rvt_tt0p8v25c 
SAEDRVT14_AOI21_0P75           91224    24302.074    saed14rvt_tt0p8v25c 
SAEDRVT14_AOI21_1                 42       13.054    saed14rvt_tt0p8v25c 
SAEDRVT14_AOI21_1P5              265      117.660    saed14rvt_tt0p8v25c 
SAEDRVT14_AOI21_3                  1        0.622    saed14rvt_tt0p8v25c 
SAEDRVT14_AOI21_V1_4               1        0.710    saed14rvt_tt0p8v25c 
SAEDRVT14_AOI222_0P5               1        0.710    saed14rvt_tt0p8v25c 
SAEDRVT14_AOI222_1              2945     2092.128    saed14rvt_tt0p8v25c 
SAEDRVT14_AOI22_0P75             376      183.638    saed14rvt_tt0p8v25c 
SAEDRVT14_AOI22_1P5             1810      884.004    saed14rvt_tt0p8v25c 
SAEDRVT14_AOI31_0P75            1487      726.251    saed14rvt_tt0p8v25c 
SAEDRVT14_AOI31_2                 80       42.624    saed14rvt_tt0p8v25c 
SAEDRVT14_AOINV_IW_1             658      262.937    saed14rvt_tt0p8v25c 
SAEDRVT14_AOINV_IW_2              42       18.648    saed14rvt_tt0p8v25c 
SAEDRVT14_BUF_1                 1363      363.103    saed14rvt_tt0p8v25c 
SAEDRVT14_BUF_10                  54       38.362    saed14rvt_tt0p8v25c 
SAEDRVT14_BUF_12                 162      136.663    saed14rvt_tt0p8v25c 
SAEDRVT14_BUF_2                 1981      615.695    saed14rvt_tt0p8v25c 
SAEDRVT14_BUF_20                  59       75.968    saed14rvt_tt0p8v25c 
SAEDRVT14_BUF_4                 8611     3440.956    saed14rvt_tt0p8v25c 
SAEDRVT14_BUF_6                14426     7045.658    saed14rvt_tt0p8v25c 
SAEDRVT14_BUF_8                   18       11.189    saed14rvt_tt0p8v25c 
SAEDRVT14_BUF_CDC_4                7        2.797    saed14rvt_tt0p8v25c 
SAEDRVT14_BUF_ECO_1               17        4.529    saed14rvt_tt0p8v25c 
SAEDRVT14_BUF_S_0P5               15        3.996    saed14rvt_tt0p8v25c 
SAEDRVT14_BUF_S_16                 3        3.330    saed14rvt_tt0p8v25c 
SAEDRVT14_BUF_S_1P5             1282      398.446    saed14rvt_tt0p8v25c 
SAEDRVT14_BUF_S_3               6051     2417.980    saed14rvt_tt0p8v25c 
SAEDRVT14_DEL_R2V1_1             737      229.060    saed14rvt_tt0p8v25c 
SAEDRVT14_DEL_R2V3_1             117       46.753    saed14rvt_tt0p8v25c 
SAEDRVT14_DEL_R2V3_2              41       20.024    saed14rvt_tt0p8v25c 
SAEDRVT14_EN3_1                 9171     7736.656    saed14rvt_tt0p8v25c 
SAEDRVT14_EN3_U_0P5               54       45.554    saed14rvt_tt0p8v25c 
SAEDRVT14_EO2_0P5                  9        4.396    saed14rvt_tt0p8v25c 
SAEDRVT14_EO2_1                 2604     1271.794    saed14rvt_tt0p8v25c 
SAEDRVT14_EO2_V1_0P75          39006    17318.664    saed14rvt_tt0p8v25c 
SAEDRVT14_EO3_1                    9        9.191    saed14rvt_tt0p8v25c 
SAEDRVT14_FDPCBQ_V2LP_0P5     181118   176916.062    saed14rvt_tt0p8v25c 
SAEDRVT14_FDPCBQ_V2LP_1       151126   147619.877    saed14rvt_tt0p8v25c 
SAEDRVT14_FDPCBQ_V2_4              1        1.243    saed14rvt_tt0p8v25c 
SAEDRVT14_FDPMQ_1                  1        1.110    saed14rvt_tt0p8v25c 
SAEDRVT14_FDPQB_V2_1             395      333.222    saed14rvt_tt0p8v25c 
SAEDRVT14_FDPQ_V3_2             1248     1219.046    saed14rvt_tt0p8v25c 
SAEDRVT14_FDPSBQ_0P5              97      107.670    saed14rvt_tt0p8v25c 
SAEDRVT14_FDPSBQ_2                29       33.478    saed14rvt_tt0p8v25c 
SAEDRVT14_FDPSYNSBQ_V2_1        9288     9897.293    saed14rvt_tt0p8v25c 
SAEDRVT14_FDP_V2LP_0P5          2094     1952.446    saed14rvt_tt0p8v25c 
SAEDRVT14_FDP_V2LP_1           65049    60651.688    saed14rvt_tt0p8v25c 
SAEDRVT14_FDP_V2_0P5            5056     4714.214    saed14rvt_tt0p8v25c 
SAEDRVT14_FDP_V2_1            170665   159128.046    saed14rvt_tt0p8v25c 
SAEDRVT14_FDP_V2_2               411      474.458    saed14rvt_tt0p8v25c 
SAEDRVT14_FSDPMQ_1                32       48.307    saed14rvt_tt0p8v25c 
SAEDRVT14_FSDPQ_V2LP_1         18429    20456.190    saed14rvt_tt0p8v25c 
SAEDRVT14_FSDPQ_V2_0P5             6        6.660    saed14rvt_tt0p8v25c 
SAEDRVT14_FSDPQ_V2_1              29       32.190    saed14rvt_tt0p8v25c 
SAEDRVT14_FSDPSYNRBQ_V2_1          3        3.730    saed14rvt_tt0p8v25c 
SAEDRVT14_INV_0P5              67217    11937.739    saed14rvt_tt0p8v25c 
SAEDRVT14_INV_0P75             31524     5598.662    saed14rvt_tt0p8v25c 
SAEDRVT14_INV_1               150028    26644.973    saed14rvt_tt0p8v25c 
SAEDRVT14_INV_10                1011      583.549    saed14rvt_tt0p8v25c 
SAEDRVT14_INV_12                 132       87.912    saed14rvt_tt0p8v25c 
SAEDRVT14_INV_16                  23       19.403    saed14rvt_tt0p8v25c 
SAEDRVT14_INV_1P5              56490    10032.624    saed14rvt_tt0p8v25c 
SAEDRVT14_INV_2                 7859     1744.698    saed14rvt_tt0p8v25c 
SAEDRVT14_INV_20                  39       39.827    saed14rvt_tt0p8v25c 
SAEDRVT14_INV_3                  114       30.370    saed14rvt_tt0p8v25c 
SAEDRVT14_INV_4                  262       81.430    saed14rvt_tt0p8v25c 
SAEDRVT14_INV_6                   21        8.392    saed14rvt_tt0p8v25c 
SAEDRVT14_INV_8                  119       58.120    saed14rvt_tt0p8v25c 
SAEDRVT14_INV_ECO_3             1141      557.264    saed14rvt_tt0p8v25c 
SAEDRVT14_INV_PS_1             25616     4549.402    saed14rvt_tt0p8v25c 
SAEDRVT14_INV_PS_2             12375     2747.250    saed14rvt_tt0p8v25c 
SAEDRVT14_INV_S_0P5              479       85.070    saed14rvt_tt0p8v25c 
SAEDRVT14_INV_S_0P75           24739     4393.646    saed14rvt_tt0p8v25c 
SAEDRVT14_INV_S_1                181       32.146    saed14rvt_tt0p8v25c 
SAEDRVT14_INV_S_10                 3        1.732    saed14rvt_tt0p8v25c 
SAEDRVT14_INV_S_12                 2        1.332    saed14rvt_tt0p8v25c 
SAEDRVT14_INV_S_16                33       27.839    saed14rvt_tt0p8v25c 
SAEDRVT14_INV_S_1P5                9        1.998    saed14rvt_tt0p8v25c 
SAEDRVT14_INV_S_2               5416     1202.352    saed14rvt_tt0p8v25c 
SAEDRVT14_INV_S_20                30       30.636    saed14rvt_tt0p8v25c 
SAEDRVT14_INV_S_3                 19        5.905    saed14rvt_tt0p8v25c 
SAEDRVT14_INV_S_5                221       88.312    saed14rvt_tt0p8v25c 
SAEDRVT14_INV_S_6                  8        3.197    saed14rvt_tt0p8v25c 
SAEDRVT14_INV_S_7                  2        0.977    saed14rvt_tt0p8v25c 
SAEDRVT14_INV_S_8                 44       21.490    saed14rvt_tt0p8v25c 
SAEDRVT14_INV_S_9                 29       16.739    saed14rvt_tt0p8v25c 
SAEDRVT14_MUX2_1                 174       84.982    saed14rvt_tt0p8v25c 
SAEDRVT14_MUX2_MM_0P5         339418   150701.592    saed14rvt_tt0p8v25c 
SAEDRVT14_MUX2_MM_2                7        4.351    saed14rvt_tt0p8v25c 
SAEDRVT14_MUX2_U_0P5            1961      870.684    saed14rvt_tt0p8v25c 
SAEDRVT14_MUXI2_0P5                4        2.131    saed14rvt_tt0p8v25c 
SAEDRVT14_MUXI2_1               2556     1361.837    saed14rvt_tt0p8v25c 
SAEDRVT14_MUXI2_2                 40       24.864    saed14rvt_tt0p8v25c 
SAEDRVT14_MUXI2_B_1               76       40.493    saed14rvt_tt0p8v25c 
SAEDRVT14_MUXI2_U_0P5         487728   194896.109    saed14rvt_tt0p8v25c 
SAEDRVT14_ND2B_U_0P5           56855    17670.534    saed14rvt_tt0p8v25c 
SAEDRVT14_ND2_1                  509      158.197    saed14rvt_tt0p8v25c 
SAEDRVT14_ND2_16                   1        1.554    saed14rvt_tt0p8v25c 
SAEDRVT14_ND2_1P5                  2        0.799    saed14rvt_tt0p8v25c 
SAEDRVT14_ND2_2                   93       37.163    saed14rvt_tt0p8v25c 
SAEDRVT14_ND2_3                   69       33.700    saed14rvt_tt0p8v25c 
SAEDRVT14_ND2_8                    1        0.932    saed14rvt_tt0p8v25c 
SAEDRVT14_ND2_CDC_0P5         200194    44443.068    saed14rvt_tt0p8v25c 
SAEDRVT14_ND2_CDC_1               59       13.098    saed14rvt_tt0p8v25c 
SAEDRVT14_ND2_CDC_2              481      149.495    saed14rvt_tt0p8v25c 
SAEDRVT14_ND2_CDC_4              109       53.236    saed14rvt_tt0p8v25c 
SAEDRVT14_ND2_MM_1                 5        1.554    saed14rvt_tt0p8v25c 
SAEDRVT14_ND2_MM_2                12        5.861    saed14rvt_tt0p8v25c 
SAEDRVT14_ND3B_0P75             3859     2056.075    saed14rvt_tt0p8v25c 
SAEDRVT14_ND3_0P5                658      292.152    saed14rvt_tt0p8v25c 
SAEDRVT14_NR2B_0P75              120       58.608    saed14rvt_tt0p8v25c 
SAEDRVT14_NR2B_4                   1        0.710    saed14rvt_tt0p8v25c 
SAEDRVT14_NR2_0P5                  1        0.266    saed14rvt_tt0p8v25c 
SAEDRVT14_NR2_1                 9301     2064.822    saed14rvt_tt0p8v25c 
SAEDRVT14_NR2_2                  738      229.370    saed14rvt_tt0p8v25c 
SAEDRVT14_NR2_MM_0P5          180646    40103.412    saed14rvt_tt0p8v25c 
SAEDRVT14_NR2_MM_1            172264    38242.608    saed14rvt_tt0p8v25c 
SAEDRVT14_NR2_MM_2               937      291.220    saed14rvt_tt0p8v25c 
SAEDRVT14_NR2_MM_3               201       80.320    saed14rvt_tt0p8v25c 
SAEDRVT14_NR2_MM_4                24       11.722    saed14rvt_tt0p8v25c 
SAEDRVT14_NR3B_1P5                 1        0.755    saed14rvt_tt0p8v25c 
SAEDRVT14_NR3B_U_0P5            2244     1195.603    saed14rvt_tt0p8v25c 
SAEDRVT14_NR3_0P5               1019      452.436    saed14rvt_tt0p8v25c 
SAEDRVT14_NR3_0P75              9963     4423.572    saed14rvt_tt0p8v25c 
SAEDRVT14_NR3_1                 1784      792.096    saed14rvt_tt0p8v25c 
SAEDRVT14_NR3_2                    6        2.930    saed14rvt_tt0p8v25c 
SAEDRVT14_NR4_0P75                15        7.326    saed14rvt_tt0p8v25c 
SAEDRVT14_OA21B_1              34079    12104.861    saed14rvt_tt0p8v25c 
SAEDRVT14_OA21B_2                 14        8.702    saed14rvt_tt0p8v25c 
SAEDRVT14_OA21_1               26582     9441.926    saed14rvt_tt0p8v25c 
SAEDRVT14_OA21_MM_2               71       31.524    saed14rvt_tt0p8v25c 
SAEDRVT14_OA221_2                 16       13.498    saed14rvt_tt0p8v25c 
SAEDRVT14_OA221_U_0P5          22760    11115.984    saed14rvt_tt0p8v25c 
SAEDRVT14_OA22_0P75            50184    20053.526    saed14rvt_tt0p8v25c 
SAEDRVT14_OA22_2                  20        8.880    saed14rvt_tt0p8v25c 
SAEDRVT14_OA22_U_0P5            1776      709.690    saed14rvt_tt0p8v25c 
SAEDRVT14_OA2BB2_V1_0P5           39       19.048    saed14rvt_tt0p8v25c 
SAEDRVT14_OA2BB2_V1_1          46307    20560.308    saed14rvt_tt0p8v25c 
SAEDRVT14_OA31_1               13902     5555.239    saed14rvt_tt0p8v25c 
SAEDRVT14_OA32_U_0P5            2709     1443.355    saed14rvt_tt0p8v25c 
SAEDRVT14_OAI21_0P5            64373    17148.967    saed14rvt_tt0p8v25c 
SAEDRVT14_OAI21_0P75            1237      329.537    saed14rvt_tt0p8v25c 
SAEDRVT14_OAI21_1                282      100.166    saed14rvt_tt0p8v25c 
SAEDRVT14_OAI21_1P5               24       10.656    saed14rvt_tt0p8v25c 
SAEDRVT14_OAI21_2                219       97.236    saed14rvt_tt0p8v25c 
SAEDRVT14_OAI21_3                 32       19.891    saed14rvt_tt0p8v25c 
SAEDRVT14_OAI21_V1_4               2        1.421    saed14rvt_tt0p8v25c 
SAEDRVT14_OAI222_1                15       10.656    saed14rvt_tt0p8v25c 
SAEDRVT14_OAI22_0P5            42994    13362.535    saed14rvt_tt0p8v25c 
SAEDRVT14_OAI22_0P75          158617    49298.164    saed14rvt_tt0p8v25c 
SAEDRVT14_OAI22_1             368625   114568.650    saed14rvt_tt0p8v25c 
SAEDRVT14_OAI22_1P5               20       11.544    saed14rvt_tt0p8v25c 
SAEDRVT14_OAI22_2                  6        3.463    saed14rvt_tt0p8v25c 
SAEDRVT14_OAI22_3                  7        5.284    saed14rvt_tt0p8v25c 
SAEDRVT14_OAI311_1               189      109.091    saed14rvt_tt0p8v25c 
SAEDRVT14_OAI311_2               272      169.075    saed14rvt_tt0p8v25c 
SAEDRVT14_OAI31_0P5                6        2.930    saed14rvt_tt0p8v25c 
SAEDRVT14_OAI31_0P75            1392      679.853    saed14rvt_tt0p8v25c 
SAEDRVT14_OAI31_1                 81       39.560    saed14rvt_tt0p8v25c 
SAEDRVT14_OAI31_2                248      132.134    saed14rvt_tt0p8v25c 
SAEDRVT14_OAI32_0P5              607      350.360    saed14rvt_tt0p8v25c 
SAEDRVT14_OAI32_0P75              62       35.786    saed14rvt_tt0p8v25c 
SAEDRVT14_OAI32_2                517      321.367    saed14rvt_tt0p8v25c 
SAEDRVT14_OAI33_0P5                1        0.666    saed14rvt_tt0p8v25c 
SAEDRVT14_OAI33_0P75              76       50.616    saed14rvt_tt0p8v25c 
SAEDRVT14_OAI33_1               1030      685.980    saed14rvt_tt0p8v25c 
SAEDRVT14_OR2B_PMM_2              18        8.791    saed14rvt_tt0p8v25c 
SAEDRVT14_OR2_0P5                574      178.399    saed14rvt_tt0p8v25c 
SAEDRVT14_OR2_0P75             77855    24197.334    saed14rvt_tt0p8v25c 
SAEDRVT14_OR2_1                41044    12756.475    saed14rvt_tt0p8v25c 
SAEDRVT14_OR2_2                  512      181.862    saed14rvt_tt0p8v25c 
SAEDRVT14_OR2_4                  250      133.200    saed14rvt_tt0p8v25c 
SAEDRVT14_OR2_MM_0P75           1116      346.853    saed14rvt_tt0p8v25c 
SAEDRVT14_OR2_MM_1               788      244.910    saed14rvt_tt0p8v25c 
SAEDRVT14_OR2_MM_4               390      207.792    saed14rvt_tt0p8v25c 
SAEDRVT14_OR3_0P75              2690      955.488    saed14rvt_tt0p8v25c 
SAEDRVT14_OR3_1                 5009     1779.197    saed14rvt_tt0p8v25c 
SAEDRVT14_OR3_2                    6        2.398    saed14rvt_tt0p8v25c 
SAEDRVT14_OR4_1               136739    54640.904    saed14rvt_tt0p8v25c 
SAEDRVT14_OR4_2                    9        3.996    saed14rvt_tt0p8v25c 
-------------------------------------------------------------------------
total                        5591114  2862977.490                        


                                            
     Type      Instances     Area    Area % 
--------------------------------------------
sequential        605077  583596.930   20.4 
inverter          385886   70916.568    2.5 
buffer             34944   14854.508    0.5 
logic            4565207 2193609.484   76.6 
physical_cells         0       0.000    0.0 
--------------------------------------------
total            5591114 2862977.490  100.0 

