============================================================
  Generated by:           Genus(TM) Synthesis Solution 17.14-s037_1
  Generated on:           Jun 02 2026  02:06:55 am
  Module:                 top_ti
  Technology libraries:   saed14rvt_tt0p8v25c 
                          saed14rvt_ss0p72v25c 
                          saed14rvt_ff0p88v25c 
  Operating conditions:   _nominal_ (balanced_tree)
  Wireload mode:          enclosed
  Area mode:              timing library
============================================================

                                    Leakage       Dynamic         Total     
         Instance          Cells   Power(nW)     Power(nW)      Power(nW)   
----------------------------------------------------------------------------
top_ti                    5591114 1213150.514 1358679260.435 1359892410.949 
  u_pe_array              5453789 1172735.811 1257992947.382 1259165683.194 
    gen_tile[829].u_tile     5328    1148.711    1252028.183    1253176.894 
    gen_tile[74].u_tile      5317    1148.069    1224776.646    1225924.715 
    gen_tile[584].u_tile     5331    1148.021    1234792.854    1235940.875 
    gen_tile[516].u_tile     5325    1147.931    1244575.296    1245723.227 
    gen_tile[71].u_tile      5309    1146.833    1210135.030    1211281.863 
    gen_tile[201].u_tile     5318    1146.237    1218499.926    1219646.163 
    gen_tile[787].u_tile     5335    1146.123    1248777.332    1249923.456 
    gen_tile[82].u_tile      5325    1146.065    1212418.791    1213564.856 
    gen_tile[656].u_tile     5320    1146.051    1252136.506    1253282.557 
    gen_tile[316].u_tile     5319    1146.002    1181966.100    1183112.102 
    gen_tile[195].u_tile     5322    1145.863    1205581.354    1206727.216 
    gen_tile[268].u_tile     5318    1145.783    1244150.441    1245296.224 
    gen_tile[810].u_tile     5322    1145.670    1255126.752    1256272.421 
    gen_tile[957].u_tile     5319    1145.655    1215219.675    1216365.330 
    gen_tile[744].u_tile     5322    1145.636    1228746.219    1229891.855 
    gen_tile[285].u_tile     5318    1145.519    1252796.085    1253941.604 
    gen_tile[399].u_tile     5321    1145.443    1209592.988    1210738.431 
    gen_tile[559].u_tile     5317    1145.442    1232590.531    1233735.973 
    gen_tile[610].u_tile     5318    1145.403    1224274.147    1225419.550 
    gen_tile[153].u_tile     5317    1145.359    1249206.866    1250352.225 
    gen_tile[92].u_tile      5317    1145.358    1212719.285    1213864.643 
    gen_tile[726].u_tile     5316    1145.346    1231123.973    1232269.320 
    gen_tile[276].u_tile     5319    1145.306    1224126.671    1225271.976 
    gen_tile[945].u_tile     5316    1145.291    1234236.361    1235381.653 
    gen_tile[736].u_tile     5319    1145.287    1200855.097    1202000.385 
    gen_tile[640].u_tile     5317    1145.271    1228912.569    1230057.840 
    gen_tile[921].u_tile     5318    1145.254    1233474.587    1234619.842 
    gen_tile[986].u_tile     5319    1145.232    1238470.912    1239616.145 
    gen_tile[139].u_tile     5317    1145.166    1215627.123    1216772.289 
    gen_tile[827].u_tile     5318    1145.164    1222361.008    1223506.173 
    gen_tile[659].u_tile     5319    1145.062    1221262.205    1222407.266 
    gen_tile[557].u_tile     5316    1145.060    1250921.647    1252066.708 
    gen_tile[213].u_tile     5318    1145.046    1211898.988    1213044.034 
    gen_tile[480].u_tile     5340    1145.039    1226807.287    1227952.326 
    gen_tile[618].u_tile     5316    1145.027    1219515.369    1220660.396 
    gen_tile[549].u_tile     5316    1144.982    1234922.663    1236067.645 
    gen_tile[871].u_tile     5317    1144.947    1247662.698    1248807.645 
    gen_tile[930].u_tile     5316    1144.920    1217258.004    1218402.924 
    gen_tile[123].u_tile     5316    1144.837    1222976.628    1224121.465 
    gen_tile[137].u_tile     5320    1144.558    1227801.870    1228946.428 
    gen_tile[524].u_tile     5323    1144.360    1235406.496    1236550.856 
    gen_tile[76].u_tile      5332    1144.359    1245300.869    1246445.228 
    gen_tile[777].u_tile     5313    1144.333    1228402.223    1229546.556 
    gen_tile[258].u_tile     5327    1144.315    1213263.055    1214407.370 
    gen_tile[56].u_tile      5315    1144.082    1226524.958    1227669.040 
    gen_tile[206].u_tile     5313    1143.979    1222149.338    1223293.317 
    gen_tile[495].u_tile     5293    1143.941    1225899.801    1227043.742 
    gen_tile[163].u_tile     5313    1143.912    1232707.256    1233851.168 
    gen_tile[360].u_tile     5300    1143.897    1216757.609    1217901.506 
    gen_tile[792].u_tile     5318    1143.858    1225688.909    1226832.767 
    gen_tile[652].u_tile     5333    1143.823    1232488.414    1233632.237 
    gen_tile[865].u_tile     5323    1143.763    1229680.051    1230823.814 
    gen_tile[2].u_tile       5292    1143.747    1231710.732    1232854.479 
    gen_tile[890].u_tile     5317    1143.726    1250983.088    1252126.814 
    gen_tile[929].u_tile     5326    1143.725    1252427.345    1253571.070 
    gen_tile[811].u_tile     5297    1143.712    1231906.185    1233049.898 
    gen_tile[676].u_tile     5318    1143.680    1213545.884    1214689.565 
    gen_tile[776].u_tile     5291    1143.663    1234923.523    1236067.186 
    gen_tile[503].u_tile     5317    1143.650    1241568.165    1242711.815 
    gen_tile[903].u_tile     5327    1143.558    1237027.772    1238171.330 
    gen_tile[93].u_tile      5332    1143.555    1219262.882    1220406.437 
    gen_tile[196].u_tile     5290    1143.541    1202978.366    1204121.907 
    gen_tile[192].u_tile     5331    1143.537    1243004.417    1244147.954 
    gen_tile[885].u_tile     5291    1143.517    1230100.108    1231243.625 
    gen_tile[862].u_tile     5317    1143.514    1225102.617    1226246.131 
    gen_tile[861].u_tile     5319    1143.505    1213309.836    1214453.341 
    gen_tile[224].u_tile     5330    1143.499    1236144.495    1237287.994 
    gen_tile[514].u_tile     5318    1143.491    1213952.720    1215096.210 
    gen_tile[892].u_tile     5318    1143.481    1258297.938    1259441.418 
    gen_tile[42].u_tile      5324    1143.424    1230410.312    1231553.736 
    gen_tile[655].u_tile     5319    1143.418    1205442.462    1206585.881 
    gen_tile[58].u_tile      5338    1143.388    1213386.712    1214530.099 
    gen_tile[633].u_tile     5317    1143.375    1219955.745    1221099.120 
    gen_tile[851].u_tile     5317    1143.374    1223706.560    1224849.935 
    gen_tile[901].u_tile     5316    1143.342    1227530.194    1228673.535 
    gen_tile[428].u_tile     5332    1143.294    1219682.974    1220826.267 
    gen_tile[912].u_tile     5319    1143.239    1247236.342    1248379.581 
    gen_tile[98].u_tile      5331    1143.223    1230392.154    1231535.377 
    gen_tile[512].u_tile     5316    1143.179    1249562.441    1250705.620 
    gen_tile[928].u_tile     5317    1143.125    1214592.778    1215735.902 
    gen_tile[488].u_tile     5318    1143.115    1214096.581    1215239.696 
    gen_tile[837].u_tile     5316    1143.108    1221882.756    1223025.864 
    gen_tile[637].u_tile     5319    1143.108    1239159.076    1240302.184 
    gen_tile[582].u_tile     5318    1143.076    1213418.859    1214561.935 
    gen_tile[918].u_tile     5333    1143.034    1212036.714    1213179.749 
    gen_tile[562].u_tile     5318    1143.022    1226713.510    1227856.532 
    gen_tile[721].u_tile     5316    1143.005    1207007.190    1208150.195 
    gen_tile[540].u_tile     5318    1142.988    1224755.073    1225898.061 
    gen_tile[808].u_tile     5318    1142.976    1225385.799    1226528.774 
    gen_tile[954].u_tile     5317    1142.937    1220812.863    1221955.800 
    gen_tile[140].u_tile     5323    1142.929    1230463.626    1231606.555 
    gen_tile[392].u_tile     5319    1142.920    1243376.362    1244519.282 
    gen_tile[494].u_tile     5316    1142.912    1239619.805    1240762.716 
    gen_tile[801].u_tile     5325    1142.895    1213950.387    1215093.282 
    gen_tile[37].u_tile      5302    1142.893    1225625.962    1226768.855 
    gen_tile[366].u_tile     5330    1142.871    1216108.356    1217251.228 
    gen_tile[884].u_tile     5317    1142.849    1218387.597    1219530.446 
    gen_tile[737].u_tile     5336    1142.840    1200553.852    1201696.693 
    gen_tile[90].u_tile      5318    1142.761    1214351.708    1215494.469 
    gen_tile[5].u_tile       5315    1142.757    1239321.065    1240463.822 
    gen_tile[320].u_tile     5331    1142.754    1198074.171    1199216.925 
    gen_tile[436].u_tile     5318    1142.752    1201901.367    1203044.119 
    gen_tile[683].u_tile     5318    1142.740    1214984.144    1216126.884 
    gen_tile[592].u_tile     5309    1142.717    1224869.267    1226011.984 
    gen_tile[239].u_tile     5294    1142.709    1209788.611    1210931.319 
    gen_tile[87].u_tile      5311    1142.644    1219075.537    1220218.180 
    gen_tile[491].u_tile     5312    1142.613    1238679.366    1239821.979 
    gen_tile[430].u_tile     5311    1142.601    1220266.187    1221408.788 
    gen_tile[155].u_tile     5316    1142.595    1233438.878    1234581.473 
    gen_tile[1019].u_tile    5331    1142.559    1226508.960    1227651.520 
    gen_tile[748].u_tile     5311    1142.549    1231949.549    1233092.098 
    gen_tile[89].u_tile      5313    1142.528    1224026.237    1225168.765 
    gen_tile[970].u_tile     5331    1142.518    1190099.328    1191241.846 
    gen_tile[374].u_tile     5316    1142.517    1233296.928    1234439.445 
    gen_tile[257].u_tile     5326    1142.514    1221362.264    1222504.778 
    gen_tile[947].u_tile     5312    1142.503    1227050.598    1228193.101 
    gen_tile[850].u_tile     5317    1142.471    1226378.899    1227521.370 
    gen_tile[169].u_tile     5309    1142.453    1222135.998    1223278.451 
    gen_tile[706].u_tile     5318    1142.446    1195569.546    1196711.993 
    gen_tile[173].u_tile     5322    1142.412    1230834.373    1231976.785 
    gen_tile[647].u_tile     5318    1142.364    1212983.446    1214125.810 
    gen_tile[380].u_tile     5308    1142.361    1265576.725    1266719.085 
    gen_tile[900].u_tile     5310    1142.303    1240087.487    1241229.790 
    gen_tile[590].u_tile     5317    1142.276    1202789.431    1203931.708 
    gen_tile[717].u_tile     5316    1142.267    1218281.003    1219423.270 
    gen_tile[854].u_tile     5322    1142.264    1207929.115    1209071.379 
    gen_tile[187].u_tile     5308    1142.205    1207130.723    1208272.928 
    gen_tile[564].u_tile     5312    1142.203    1213194.445    1214336.648 
    gen_tile[743].u_tile     5315    1142.200    1194978.345    1196120.545 
    gen_tile[515].u_tile     5310    1142.185    1218584.281    1219726.466 
    gen_tile[299].u_tile     5308    1142.178    1225543.623    1226685.801 
    gen_tile[138].u_tile     5308    1142.161    1224580.979    1225723.140 
    gen_tile[53].u_tile      5320    1142.158    1225565.899    1226708.056 
    gen_tile[14].u_tile      5333    1142.154    1225976.256    1227118.410 
    gen_tile[520].u_tile     5311    1142.151    1239820.306    1240962.457 
    gen_tile[924].u_tile     5307    1142.125    1228244.785    1229386.909 
    gen_tile[935].u_tile     5318    1142.108    1197218.441    1198360.549 
    gen_tile[847].u_tile     5308    1142.108    1235547.757    1236689.865 
    gen_tile[83].u_tile      5311    1142.105    1236849.566    1237991.671 
    gen_tile[212].u_tile     5311    1142.099    1217533.515    1218675.614 
    gen_tile[715].u_tile     5307    1142.098    1204564.138    1205706.236 
    gen_tile[893].u_tile     5308    1142.097    1241372.449    1242514.545 
    gen_tile[463].u_tile     5328    1142.084    1220198.302    1221340.386 
    gen_tile[247].u_tile     5308    1142.079    1223667.383    1224809.462 
    gen_tile[552].u_tile     5309    1142.078    1214823.552    1215965.631 
    gen_tile[614].u_tile     5307    1142.075    1222480.595    1223622.670 
    gen_tile[725].u_tile     5310    1142.071    1252237.937    1253380.009 
    gen_tile[940].u_tile     5317    1142.067    1224796.762    1225938.829 
    gen_tile[770].u_tile     5308    1142.065    1228085.397    1229227.462 
    gen_tile[471].u_tile     5309    1142.055    1209816.421    1210958.476 
    gen_tile[101].u_tile     5312    1142.053    1232481.804    1233623.857 
    gen_tile[911].u_tile     5308    1142.048    1222809.354    1223951.402 
    gen_tile[492].u_tile     5308    1142.048    1230312.521    1231454.569 
    gen_tile[439].u_tile     5317    1142.047    1215196.847    1216338.894 
    gen_tile[48].u_tile      5321    1142.045    1224731.283    1225873.327 
    gen_tile[551].u_tile     5310    1142.043    1218756.668    1219898.712 
    gen_tile[991].u_tile     5328    1142.039    1238511.989    1239654.028 
    gen_tile[259].u_tile     5315    1142.028    1230878.486    1232020.514 
    gen_tile[984].u_tile     5311    1142.028    1221301.048    1222443.076 
    gen_tile[363].u_tile     5310    1142.026    1258774.723    1259916.749 
    gen_tile[902].u_tile     5308    1142.012    1227115.917    1228257.930 
    gen_tile[485].u_tile     5310    1142.011    1225992.190    1227134.201 
    gen_tile[358].u_tile     5316    1141.998    1218046.967    1219188.965 
    gen_tile[780].u_tile     5310    1141.996    1249167.762    1250309.758 
    gen_tile[347].u_tile     5308    1141.994    1224892.930    1226034.924 
    gen_tile[817].u_tile     5310    1141.976    1246547.886    1247689.862 
    gen_tile[708].u_tile     5308    1141.973    1217490.551    1218632.524 
    gen_tile[599].u_tile     5311    1141.966    1223061.252    1224203.218 
    gen_tile[244].u_tile     5310    1141.955    1223082.537    1224224.492 
    gen_tile[107].u_tile     5308    1141.950    1222269.704    1223411.654 
    gen_tile[66].u_tile      5308    1141.935    1241114.339    1242256.273 
    gen_tile[260].u_tile     5310    1141.931    1221094.414    1222236.345 
    gen_tile[141].u_tile     5316    1141.930    1221577.551    1222719.481 
    gen_tile[396].u_tile     5310    1141.929    1214185.039    1215326.968 
    gen_tile[946].u_tile     5310    1141.921    1234011.754    1235153.674 
    gen_tile[538].u_tile     5311    1141.920    1252672.231    1253814.151 
    gen_tile[143].u_tile     5311    1141.917    1215476.359    1216618.275 
    gen_tile[266].u_tile     5309    1141.914    1239799.683    1240941.596 
    gen_tile[669].u_tile     5308    1141.914    1258714.589    1259856.503 
    gen_tile[518].u_tile     5310    1141.911    1207886.943    1209028.854 
    gen_tile[766].u_tile     5325    1141.911    1216154.684    1217296.595 
    gen_tile[527].u_tile     5311    1141.908    1203572.025    1204713.933 
    gen_tile[67].u_tile      5313    1141.902    1222623.553    1223765.455 
    gen_tile[745].u_tile     5307    1141.894    1220438.832    1221580.726 
    gen_tile[355].u_tile     5310    1141.893    1224012.227    1225154.120 
    gen_tile[980].u_tile     5311    1141.892    1228360.740    1229502.632 
    gen_tile[226].u_tile     5310    1141.889    1215371.501    1216513.389 
    gen_tile[254].u_tile     5311    1141.886    1228527.326    1229669.211 
    gen_tile[185].u_tile     5308    1141.885    1223799.155    1224941.040 
    gen_tile[125].u_tile     5311    1141.881    1226512.865    1227654.747 
    gen_tile[955].u_tile     5307    1141.879    1224041.485    1225183.364 
    gen_tile[414].u_tile     5310    1141.877    1244210.330    1245352.207 
    gen_tile[558].u_tile     5310    1141.868    1202300.884    1203442.752 
    gen_tile[759].u_tile     5309    1141.862    1222438.710    1223580.571 
    gen_tile[468].u_tile     5307    1141.861    1213745.843    1214887.704 
    gen_tile[823].u_tile     5320    1141.854    1241078.195    1242220.050 
    gen_tile[423].u_tile     5308    1141.853    1236587.272    1237729.125 
    gen_tile[69].u_tile      5312    1141.852    1232395.934    1233537.786 
    gen_tile[597].u_tile     5307    1141.849    1212174.686    1213316.535 
    gen_tile[470].u_tile     5310    1141.848    1209570.380    1210712.227 
    gen_tile[642].u_tile     5310    1141.846    1205968.971    1207110.817 
    gen_tile[100].u_tile     5312    1141.842    1230577.557    1231719.398 
    gen_tile[370].u_tile     5310    1141.830    1220960.358    1222102.188 
    gen_tile[722].u_tile     5308    1141.830    1222331.081    1223472.910 
    gen_tile[797].u_tile     5308    1141.808    1204368.098    1205509.906 
    gen_tile[11].u_tile      5334    1141.807    1197335.677    1198477.484 
    gen_tile[886].u_tile     5309    1141.807    1211424.570    1212566.377 
    gen_tile[738].u_tile     5308    1141.806    1226954.798    1228096.603 
    gen_tile[812].u_tile     5310    1141.805    1235575.134    1236716.939 
    gen_tile[971].u_tile     5310    1141.801    1229180.753    1230322.553 
    gen_tile[134].u_tile     5308    1141.799    1231353.850    1232495.649 
    gen_tile[658].u_tile     5311    1141.792    1230262.882    1231404.674 
    gen_tile[530].u_tile     5308    1141.786    1226292.650    1227434.436 
    gen_tile[405].u_tile     5307    1141.782    1246845.226    1247987.009 
    gen_tile[281].u_tile     5312    1141.777    1237231.137    1238372.914 
    gen_tile[815].u_tile     5307    1141.776    1259938.131    1261079.907 
    gen_tile[1011].u_tile    5307    1141.776    1229012.466    1230154.242 
    gen_tile[288].u_tile     5308    1141.775    1230852.835    1231994.610 
    gen_tile[197].u_tile     5311    1141.772    1222878.587    1224020.359 
    gen_tile[323].u_tile     5312    1141.766    1220790.323    1221932.089 
    gen_tile[546].u_tile     5308    1141.766    1226165.511    1227307.277 
    gen_tile[282].u_tile     5311    1141.765    1231336.980    1232478.745 
    gen_tile[822].u_tile     5311    1141.764    1233632.994    1234774.759 
    gen_tile[204].u_tile     5308    1141.758    1217162.032    1218303.790 
    gen_tile[866].u_tile     5310    1141.753    1223750.070    1224891.823 
    gen_tile[229].u_tile     5308    1141.746    1220028.512    1221170.258 
    gen_tile[461].u_tile     5311    1141.745    1235717.856    1236859.602 
    gen_tile[916].u_tile     5308    1141.743    1219605.237    1220746.981 
    gen_tile[279].u_tile     5307    1141.743    1236132.206    1237273.949 
    gen_tile[1008].u_tile    5329    1141.739    1240842.950    1241984.689 
    gen_tile[421].u_tile     5310    1141.731    1217772.666    1218914.397 
    gen_tile[188].u_tile     5309    1141.729    1207920.678    1209062.406 
    gen_tile[803].u_tile     5313    1141.722    1229736.136    1230877.858 
    gen_tile[709].u_tile     5309    1141.719    1193938.881    1195080.600 
    gen_tile[219].u_tile     5309    1141.718    1214486.553    1215628.271 
    gen_tile[174].u_tile     5307    1141.714    1218573.600    1219715.314 
    gen_tile[432].u_tile     5310    1141.712    1219526.788    1220668.500 
    gen_tile[435].u_tile     5311    1141.711    1231313.820    1232455.531 
    gen_tile[987].u_tile     5308    1141.698    1208961.723    1210103.421 
    gen_tile[882].u_tile     5311    1141.697    1227889.710    1229031.406 
    gen_tile[413].u_tile     5310    1141.695    1260700.827    1261842.522 
    gen_tile[505].u_tile     5310    1141.695    1232773.538    1233915.233 
    gen_tile[944].u_tile     5307    1141.694    1218015.552    1219157.246 
    gen_tile[382].u_tile     5310    1141.691    1240340.505    1241482.196 
    gen_tile[484].u_tile     5310    1141.677    1202951.542    1204093.219 
    gen_tile[252].u_tile     5309    1141.677    1237500.666    1238642.343 
    gen_tile[142].u_tile     5310    1141.674    1237876.963    1239018.638 
    gen_tile[199].u_tile     5310    1141.674    1220941.169    1222082.843 
    gen_tile[348].u_tile     5308    1141.674    1227423.393    1228565.067 
    gen_tile[528].u_tile     5311    1141.671    1234157.222    1235298.893 
    gen_tile[164].u_tile     5307    1141.669    1232907.802    1234049.471 
    gen_tile[773].u_tile     5328    1141.669    1221847.062    1222988.731 
    gen_tile[88].u_tile      5306    1141.665    1229024.276    1230165.941 
    gen_tile[131].u_tile     5311    1141.664    1239397.798    1240539.462 
    gen_tile[983].u_tile     5310    1141.661    1211520.402    1212662.063 
    gen_tile[594].u_tile     5309    1141.660    1214382.004    1215523.664 
    gen_tile[250].u_tile     5308    1141.654    1213802.224    1214943.878 
    gen_tile[211].u_tile     5310    1141.650    1229955.992    1231097.642 
    gen_tile[504].u_tile     5307    1141.649    1244520.460    1245662.108 
    gen_tile[255].u_tile     5333    1141.642    1248698.707    1249840.349 
    gen_tile[889].u_tile     5311    1141.641    1231359.561    1232501.202 
    gen_tile[341].u_tile     5311    1141.638    1252216.592    1253358.231 
    gen_tile[444].u_tile     5310    1141.638    1219958.019    1221099.657 
    gen_tile[459].u_tile     5311    1141.633    1195680.434    1196822.068 
    gen_tile[182].u_tile     5307    1141.629    1226141.206    1227282.835 
    gen_tile[674].u_tile     5309    1141.628    1245185.442    1246327.070 
    gen_tile[338].u_tile     5315    1141.625    1206845.087    1207986.712 
    gen_tile[972].u_tile     5309    1141.625    1227430.001    1228571.625 
    gen_tile[133].u_tile     5312    1141.623    1230855.066    1231996.689 
    gen_tile[617].u_tile     5310    1141.623    1211100.131    1212241.754 
    gen_tile[315].u_tile     5309    1141.619    1231651.836    1232793.455 
    gen_tile[703].u_tile     5336    1141.618    1218190.493    1219332.110 
    gen_tile[920].u_tile     5311    1141.616    1219778.040    1220919.656 
    gen_tile[752].u_tile     5308    1141.615    1221604.910    1222746.525 
    gen_tile[581].u_tile     5309    1141.612    1245451.331    1246592.943 
    gen_tile[402].u_tile     5310    1141.612    1224896.122    1226037.733 
    gen_tile[113].u_tile     5309    1141.611    1237312.591    1238454.202 
    gen_tile[644].u_tile     5309    1141.609    1219775.262    1220916.871 
    gen_tile[112].u_tile     5310    1141.609    1232229.339    1233370.948 
    gen_tile[85].u_tile      5311    1141.605    1248355.197    1249496.802 
    gen_tile[1020].u_tile    5331    1141.604    1218682.627    1219824.231 
    gen_tile[369].u_tile     5309    1141.602    1206561.447    1207703.048 
    gen_tile[433].u_tile     5310    1141.601    1224974.024    1226115.625 
    gen_tile[469].u_tile     5310    1141.600    1230357.662    1231499.262 
    gen_tile[335].u_tile     5305    1141.594    1224793.828    1225935.422 
    gen_tile[375].u_tile     5310    1141.591    1233907.843    1235049.434 
    gen_tile[627].u_tile     5310    1141.585    1210042.507    1211184.092 
    gen_tile[883].u_tile     5310    1141.584    1227507.571    1228649.155 
    gen_tile[372].u_tile     5309    1141.580    1237735.931    1238877.511 
    gen_tile[749].u_tile     5311    1141.579    1204403.477    1205545.056 
    gen_tile[982].u_tile     5310    1141.573    1203231.710    1204373.283 
    gen_tile[342].u_tile     5310    1141.572    1223803.909    1224945.481 
    gen_tile[625].u_tile     5310    1141.572    1226835.392    1227976.964 
    gen_tile[869].u_tile     5309    1141.567    1197464.558    1198606.125 
    gen_tile[286].u_tile     5311    1141.565    1223988.453    1225130.018 
    gen_tile[646].u_tile     5328    1141.565    1226403.370    1227544.935 
    gen_tile[561].u_tile     5306    1141.564    1225030.200    1226171.764 
    gen_tile[523].u_tile     5308    1141.554    1243356.841    1244498.395 
    gen_tile[251].u_tile     5310    1141.554    1229197.804    1230339.358 
    gen_tile[790].u_tile     5310    1141.552    1216308.771    1217450.323 
    gen_tile[86].u_tile      5308    1141.548    1237058.864    1238200.412 
    gen_tile[277].u_tile     5309    1141.547    1214825.827    1215967.374 
    gen_tile[686].u_tile     5309    1141.541    1216380.608    1217522.149 
    gen_tile[110].u_tile     5310    1141.539    1237079.688    1238221.227 
    gen_tile[8].u_tile       5308    1141.536    1203324.846    1204466.382 
    gen_tile[267].u_tile     5310    1141.535    1202694.937    1203836.473 
    gen_tile[539].u_tile     5310    1141.535    1218752.602    1219894.137 
    gen_tile[324].u_tile     5310    1141.531    1204822.133    1205963.663 
    gen_tile[483].u_tile     5311    1141.525    1227960.766    1229102.291 
    gen_tile[130].u_tile     5308    1141.522    1211400.351    1212541.873 
    gen_tile[572].u_tile     5307    1141.510    1215285.424    1216426.934 
    gen_tile[962].u_tile     5329    1141.499    1225528.274    1226669.772 
    gen_tile[806].u_tile     5328    1141.494    1197036.025    1198177.518 
    gen_tile[502].u_tile     5308    1141.493    1245125.257    1246266.750 
    gen_tile[344].u_tile     5310    1141.488    1234571.502    1235712.991 
    gen_tile[497].u_tile     5310    1141.488    1232254.179    1233395.666 
    gen_tile[864].u_tile     5328    1141.487    1234607.251    1235748.738 
    gen_tile[835].u_tile     5312    1141.485    1207224.756    1208366.242 
    gen_tile[441].u_tile     5308    1141.484    1235240.173    1236381.657 
    gen_tile[951].u_tile     5310    1141.474    1224252.958    1225394.432 
    gen_tile[166].u_tile     5309    1141.471    1206422.232    1207563.703 
    gen_tile[679].u_tile     5308    1141.470    1220623.612    1221765.081 
    gen_tile[482].u_tile     5309    1141.468    1220077.435    1221218.903 
    gen_tile[265].u_tile     5309    1141.467    1224140.880    1225282.347 
    gen_tile[409].u_tile     5310    1141.466    1236343.155    1237484.621 
    gen_tile[237].u_tile     5307    1141.465    1241128.399    1242269.864 
    gen_tile[977].u_tile     5330    1141.454    1232441.215    1233582.669 
    gen_tile[371].u_tile     5310    1141.451    1236406.328    1237547.779 
    gen_tile[400].u_tile     5309    1141.446    1216844.998    1217986.445 
    gen_tile[818].u_tile     5311    1141.440    1220264.355    1221405.795 
    gen_tile[340].u_tile     5310    1141.438    1220906.650    1222048.088 
    gen_tile[84].u_tile      5311    1141.410    1212250.452    1213391.862 
    gen_tile[974].u_tile     5311    1141.408    1192231.681    1193373.089 
    gen_tile[670].u_tile     5329    1141.408    1229323.336    1230464.744 
    gen_tile[583].u_tile     5307    1141.404    1230991.119    1232132.524 
    gen_tile[434].u_tile     5307    1141.393    1235147.083    1236288.475 
    gen_tile[473].u_tile     5310    1141.393    1222771.858    1223913.251 
    gen_tile[802].u_tile     5328    1141.388    1222449.117    1223590.506 
    gen_tile[362].u_tile     5316    1141.387    1222562.399    1223703.786 
    gen_tile[680].u_tile     5309    1141.381    1216428.722    1217570.102 
    gen_tile[943].u_tile     5330    1141.380    1243468.379    1244609.758 
    gen_tile[318].u_tile     5324    1141.377    1200572.929    1201714.306 
    gen_tile[91].u_tile      5310    1141.376    1234417.945    1235559.321 
    gen_tile[300].u_tile     5308    1141.373    1199819.843    1200961.215 
    gen_tile[457].u_tile     5308    1141.368    1229798.572    1230939.940 
    gen_tile[81].u_tile      5310    1141.364    1214610.919    1215752.283 
    gen_tile[845].u_tile     5311    1141.361    1219741.991    1220883.352 
    gen_tile[846].u_tile     5310    1141.356    1240699.983    1241841.339 
    gen_tile[356].u_tile     5308    1141.352    1224815.547    1225956.899 
    gen_tile[207].u_tile     5329    1141.347    1210705.556    1211846.903 
    gen_tile[476].u_tile     5309    1141.343    1221433.991    1222575.333 
    gen_tile[377].u_tile     5310    1141.342    1242021.297    1243162.640 
    gen_tile[278].u_tile     5307    1141.333    1209107.064    1210248.396 
    gen_tile[704].u_tile     5332    1141.328    1238285.421    1239426.749 
    gen_tile[77].u_tile      5327    1141.322    1212684.135    1213825.456 
    gen_tile[80].u_tile      5310    1141.322    1234121.046    1235262.368 
    gen_tile[220].u_tile     5310    1141.315    1213033.289    1214174.604 
    gen_tile[136].u_tile     5309    1141.312    1217269.149    1218410.460 
    gen_tile[529].u_tile     5310    1141.298    1236203.042    1237344.340 
    gen_tile[774].u_tile     5308    1141.291    1217360.363    1218501.654 
    gen_tile[507].u_tile     5328    1141.289    1208603.301    1209744.591 
    gen_tile[203].u_tile     5307    1141.282    1226264.407    1227405.688 
    gen_tile[702].u_tile     5329    1141.281    1233535.397    1234676.678 
    gen_tile[178].u_tile     5309    1141.272    1221631.816    1222773.088 
    gen_tile[550].u_tile     5308    1141.271    1219139.481    1220280.753 
    gen_tile[1015].u_tile    5308    1141.270    1213106.596    1214247.866 
    gen_tile[230].u_tile     5309    1141.267    1229103.817    1230245.084 
    gen_tile[668].u_tile     5308    1141.260    1237792.302    1238933.562 
    gen_tile[452].u_tile     5308    1141.255    1200148.012    1201289.268 
    gen_tile[443].u_tile     5326    1141.255    1226819.591    1227960.846 
    gen_tile[923].u_tile     5329    1141.249    1221912.318    1223053.568 
    gen_tile[677].u_tile     5308    1141.235    1202975.840    1204117.075 
    gen_tile[694].u_tile     5308    1141.234    1173298.168    1174439.403 
    gen_tile[78].u_tile      5310    1141.229    1209612.457    1210753.686 
    gen_tile[176].u_tile     5308    1141.222    1197702.480    1198843.702 
    gen_tile[747].u_tile     5311    1141.216    1235452.672    1236593.889 
    gen_tile[442].u_tile     5307    1141.214    1223570.695    1224711.908 
    gen_tile[228].u_tile     5310    1141.212    1214969.384    1216110.597 
    gen_tile[555].u_tile     5309    1141.212    1207745.482    1208886.694 
    gen_tile[25].u_tile      5317    1141.206    1226168.937    1227310.143 
    gen_tile[75].u_tile      5327    1141.199    1224457.372    1225598.571 
    gen_tile[701].u_tile     5329    1141.194    1228214.383    1229355.577 
    gen_tile[456].u_tile     5327    1141.188    1230852.706    1231993.894 
    gen_tile[654].u_tile     5308    1141.184    1213655.319    1214796.503 
    gen_tile[973].u_tile     5310    1141.183    1238525.467    1239666.650 
    gen_tile[181].u_tile     5307    1141.175    1234014.938    1235156.113 
    gen_tile[165].u_tile     5311    1141.174    1205990.208    1207131.382 
    gen_tile[350].u_tile     5311    1141.171    1197080.235    1198221.406 
    gen_tile[28].u_tile      5310    1141.159    1225166.642    1226307.801 
    gen_tile[755].u_tile     5328    1141.155    1217122.968    1218264.123 
    gen_tile[190].u_tile     5310    1141.145    1215982.718    1217123.863 
    gen_tile[319].u_tile     5308    1141.145    1233827.675    1234968.819 
    gen_tile[648].u_tile     5310    1141.144    1236103.511    1237244.655 
    gen_tile[872].u_tile     5308    1141.141    1189993.781    1191134.922 
    gen_tile[563].u_tile     5308    1141.139    1221592.056    1222733.195 
    gen_tile[978].u_tile     5308    1141.135    1218359.733    1219500.868 
    gen_tile[566].u_tile     5309    1141.117    1204977.667    1206118.784 
    gen_tile[346].u_tile     5311    1141.098    1214434.836    1215575.935 
    gen_tile[200].u_tile     5309    1141.098    1178379.818    1179520.916 
    gen_tile[72].u_tile      5294    1141.097    1222635.576    1223776.673 
    gen_tile[34].u_tile      5289    1141.096    1219814.291    1220955.387 
    gen_tile[345].u_tile     5310    1141.091    1233209.448    1234350.539 
    gen_tile[1003].u_tile    5309    1141.080    1194174.905    1195315.985 
    gen_tile[531].u_tile     5311    1141.061    1193323.443    1194464.504 
    gen_tile[499].u_tile     5309    1141.053    1222234.768    1223375.821 
    gen_tile[536].u_tile     5308    1141.051    1198862.748    1200003.799 
    gen_tile[926].u_tile     5329    1141.049    1232466.317    1233607.366 
    gen_tile[453].u_tile     5308    1141.044    1213321.438    1214462.482 
    gen_tile[401].u_tile     5310    1141.041    1253706.697    1254847.738 
    gen_tile[103].u_tile     5307    1141.040    1229376.311    1230517.351 
    gen_tile[619].u_tile     5309    1141.026    1212747.343    1213888.369 
    gen_tile[832].u_tile     5327    1141.024    1212558.566    1213699.590 
    gen_tile[533].u_tile     5310    1141.022    1208644.633    1209785.656 
    gen_tile[605].u_tile     5327    1141.021    1232036.810    1233177.831 
    gen_tile[437].u_tile     5309    1141.021    1202728.269    1203869.290 
    gen_tile[821].u_tile     5315    1140.992    1250166.999    1251307.991 
    gen_tile[785].u_tile     5310    1140.989    1202238.378    1203379.367 
    gen_tile[791].u_tile     5327    1140.965    1209920.301    1211061.266 
    gen_tile[156].u_tile     5308    1140.964    1208822.672    1209963.636 
    gen_tile[160].u_tile     5311    1140.956    1229841.067    1230982.023 
    gen_tile[622].u_tile     5310    1140.951    1197443.452    1198584.403 
    gen_tile[327].u_tile     5325    1140.931    1227470.426    1228611.357 
    gen_tile[124].u_tile     5310    1140.912    1212164.646    1213305.558 
    gen_tile[7].u_tile       5295    1140.900    1235216.150    1236357.050 
    gen_tile[994].u_tile     5330    1140.895    1243725.152    1244866.047 
    gen_tile[567].u_tile     5310    1140.891    1218621.284    1219762.175 
    gen_tile[12].u_tile      5321    1140.881    1245508.307    1246649.189 
    gen_tile[337].u_tile     5302    1140.872    1211720.451    1212861.323 
    gen_tile[126].u_tile     5314    1140.864    1223586.184    1224727.047 
    gen_tile[424].u_tile     5307    1140.855    1203308.933    1204449.788 
    gen_tile[393].u_tile     5318    1140.837    1208779.081    1209919.918 
    gen_tile[931].u_tile     5310    1140.833    1211237.131    1212377.964 
    gen_tile[576].u_tile     5327    1140.819    1186136.120    1187276.939 
    gen_tile[620].u_tile     5310    1140.797    1206563.211    1207704.008 
    gen_tile[569].u_tile     5307    1140.777    1226685.072    1227825.848 
    gen_tile[451].u_tile     5311    1140.773    1206217.647    1207358.420 
    gen_tile[839].u_tile     5313    1140.755    1229537.368    1230678.123 
    gen_tile[352].u_tile     5327    1140.749    1210148.043    1211288.791 
    gen_tile[361].u_tile     5315    1140.739    1215186.048    1216326.787 
    gen_tile[981].u_tile     5310    1140.710    1208426.156    1209566.866 
    gen_tile[508].u_tile     5327    1140.691    1209042.625    1210183.317 
    gen_tile[426].u_tile     5318    1140.670    1227680.642    1228821.312 
    gen_tile[114].u_tile     5306    1140.635    1193185.031    1194325.667 
    gen_tile[824].u_tile     5313    1140.631    1243213.993    1244354.625 
    gen_tile[602].u_tile     5324    1140.628    1217353.927    1218494.554 
    gen_tile[65].u_tile      5305    1140.625    1229804.395    1230945.020 
    gen_tile[545].u_tile     5328    1140.615    1233333.980    1234474.595 
    gen_tile[855].u_tile     5313    1140.605    1223072.529    1224213.134 
    gen_tile[758].u_tile     5309    1140.552    1212581.156    1213721.708 
    gen_tile[291].u_tile     5310    1140.546    1189036.904    1190177.450 
    gen_tile[800].u_tile     5327    1140.508    1224164.297    1225304.805 
    gen_tile[601].u_tile     5327    1140.437    1226937.081    1228077.519 
    gen_tile[448].u_tile     5324    1140.419    1227771.244    1228911.663 
    gen_tile[511].u_tile     5327    1140.417    1222456.549    1223596.965 
    gen_tile[820].u_tile     5314    1140.385    1235115.014    1236255.399 
    gen_tile[804].u_tile     5321    1140.377    1213453.965    1214594.342 
    gen_tile[303].u_tile     5324    1140.345    1218310.059    1219450.404 
    gen_tile[522].u_tile     5314    1140.302    1224392.152    1225532.454 
    gen_tile[997].u_tile     5321    1140.301    1232380.782    1233521.083 
    gen_tile[328].u_tile     5325    1140.297    1243697.062    1244837.359 
    gen_tile[958].u_tile     5323    1140.271    1222856.762    1223997.033 
    gen_tile[783].u_tile     5323    1140.268    1210605.231    1211745.500 
    gen_tile[863].u_tile     5326    1140.253    1216585.477    1217725.731 
    gen_tile[416].u_tile     5319    1140.199    1231402.809    1232543.008 
    gen_tile[936].u_tile     5319    1140.193    1235831.475    1236971.668 
    gen_tile[992].u_tile     5338    1140.165    1203953.879    1205094.044 
    gen_tile[687].u_tile     5322    1140.136    1240170.479    1241310.615 
    gen_tile[543].u_tile     5327    1140.116    1224083.842    1225223.958 
    gen_tile[942].u_tile     5316    1140.109    1242430.916    1243571.025 
    gen_tile[688].u_tile     5323    1140.084    1220991.750    1222131.834 
    gen_tile[1021].u_tile    5316    1140.074    1221693.925    1222833.999 
    gen_tile[1000].u_tile    5317    1140.065    1252039.168    1253179.233 
    gen_tile[692].u_tile     5329    1140.058    1230318.389    1231458.447 
    gen_tile[322].u_tile     5329    1140.042    1232567.301    1233707.343 
    gen_tile[296].u_tile     5320    1140.020    1234060.433    1235200.453 
    gen_tile[1001].u_tile    5319    1140.004    1229020.545    1230160.550 
    gen_tile[904].u_tile     5322    1139.997    1232585.951    1233725.948 
    gen_tile[116].u_tile     5322    1139.995    1231212.194    1232352.188 
    gen_tile[950].u_tile     5316    1139.985    1239339.234    1240479.218 
    gen_tile[1009].u_tile    5317    1139.980    1216800.994    1217940.974 
    gen_tile[298].u_tile     5319    1139.955    1235065.989    1236205.943 
    gen_tile[663].u_tile     5328    1139.937    1237131.773    1238271.710 
    gen_tile[242].u_tile     5321    1139.851    1216171.353    1217311.204 
    gen_tile[417].u_tile     5332    1139.844    1219664.132    1220803.976 
    gen_tile[894].u_tile     5329    1139.802    1216219.228    1217359.029 
    gen_tile[993].u_tile     5326    1139.744    1208774.462    1209914.206 
    gen_tile[876].u_tile     5324    1139.692    1247949.870    1249089.562 
    gen_tile[639].u_tile     5325    1139.687    1218487.492    1219627.179 
    gen_tile[664].u_tile     5327    1139.672    1223894.304    1225033.976 
    gen_tile[723].u_tile     5321    1139.662    1208377.946    1209517.608 
    gen_tile[6].u_tile       5313    1139.660    1241534.195    1242673.855 
    gen_tile[127].u_tile     5316    1139.641    1201490.532    1202630.173 
    gen_tile[420].u_tile     5327    1139.634    1237127.872    1238267.506 
    gen_tile[238].u_tile     5307    1139.620    1228185.156    1229324.776 
    gen_tile[718].u_tile     5320    1139.605    1238958.574    1240098.179 
    gen_tile[809].u_tile     5313    1139.572    1227449.100    1228588.672 
    gen_tile[906].u_tile     5323    1139.564    1217003.161    1218142.725 
    gen_tile[570].u_tile     5323    1139.508    1203217.726    1204357.234 
    gen_tile[386].u_tile     5326    1139.501    1209478.379    1210617.880 
    gen_tile[329].u_tile     5324    1139.487    1216121.259    1217260.747 
    gen_tile[710].u_tile     5312    1139.474    1218939.810    1220079.284 
    gen_tile[661].u_tile     5323    1139.449    1230298.007    1231437.455 
    gen_tile[301].u_tile     5321    1139.443    1217416.329    1218555.772 
    gen_tile[274].u_tile     5319    1139.443    1217074.445    1218213.888 
    gen_tile[966].u_tile     5312    1139.366    1211358.524    1212497.890 
    gen_tile[730].u_tile     5320    1139.355    1229634.683    1230774.038 
    gen_tile[964].u_tile     5313    1139.331    1202718.429    1203857.760 
    gen_tile[606].u_tile     5323    1139.328    1185315.207    1186454.536 
    gen_tile[23].u_tile      5324    1139.299    1227108.560    1228247.859 
    gen_tile[152].u_tile     5319    1139.288    1238936.457    1240075.745 
    gen_tile[612].u_tile     5314    1139.286    1207461.965    1208601.251 
    gen_tile[724].u_tile     5326    1139.269    1231872.249    1233011.518 
    gen_tile[798].u_tile     5289    1139.265    1213139.245    1214278.509 
    gen_tile[31].u_tile      5312    1139.261    1246911.564    1248050.825 
    gen_tile[629].u_tile     5326    1139.257    1231529.303    1232668.560 
    gen_tile[293].u_tile     5320    1139.237    1211530.005    1212669.242 
    gen_tile[842].u_tile     5314    1139.234    1211451.959    1212591.193 
    gen_tile[147].u_tile     5320    1139.233    1236223.334    1237362.568 
    gen_tile[607].u_tile     5316    1139.232    1249793.270    1250932.503 
    gen_tile[24].u_tile      5323    1139.178    1206560.175    1207699.353 
    gen_tile[148].u_tile     5322    1139.175    1185470.410    1186609.584 
    gen_tile[241].u_tile     5316    1139.170    1239614.257    1240753.427 
    gen_tile[479].u_tile     5319    1139.154    1205653.365    1206792.519 
    gen_tile[183].u_tile     5316    1139.092    1229684.854    1230823.946 
    gen_tile[660].u_tile     5324    1139.087    1231534.116    1232673.203 
    gen_tile[22].u_tile      5325    1139.083    1225921.086    1227060.169 
    gen_tile[965].u_tile     5312    1139.081    1217037.030    1218176.111 
    gen_tile[875].u_tile     5320    1139.072    1215201.870    1216340.942 
    gen_tile[270].u_tile     5316    1139.053    1200333.574    1201472.627 
    gen_tile[263].u_tile     5320    1139.047    1222866.716    1224005.762 
    gen_tile[719].u_tile     5319    1138.945    1210252.907    1211391.852 
    gen_tile[354].u_tile     5326    1138.924    1214894.932    1216033.856 
    gen_tile[733].u_tile     5318    1138.920    1207230.816    1208369.736 
    gen_tile[959].u_tile     5316    1138.897    1222222.668    1223361.565 
    gen_tile[908].u_tile     5319    1138.827    1216740.745    1217879.571 
    gen_tile[634].u_tile     5319    1138.816    1213236.782    1214375.599 
    gen_tile[510].u_tile     5319    1138.808    1233503.862    1234642.670 
    gen_tile[287].u_tile     5325    1138.625    1189158.769    1190297.394 
    gen_tile[215].u_tile     5318    1138.621    1212712.281    1213850.902 
    gen_tile[326].u_tile     5320    1138.591    1234199.926    1235338.517 
    gen_tile[408].u_tile     5305    1138.539    1207995.718    1209134.257 
    gen_tile[29].u_tile      5321    1138.531    1235130.624    1236269.155 
    gen_tile[731].u_tile     5308    1138.501    1247963.896    1249102.397 
    gen_tile[334].u_tile     5320    1138.499    1196444.734    1197583.233 
    gen_tile[95].u_tile      5322    1138.361    1237271.177    1238409.537 
    gen_tile[826].u_tile     5319    1138.213    1212138.615    1213276.828 
    gen_tile[30].u_tile      5312    1138.073    1200431.525    1201569.598 
    gen_tile[696].u_tile     5306    1137.653    1211725.816    1212863.469 
    gen_tile[15].u_tile      5309    1137.551    1228126.453    1229264.004 
    gen_tile[834].u_tile     5271    1136.012    1221521.994    1222658.006 
    gen_tile[36].u_tile      5289    1135.992    1223278.683    1224414.676 
    gen_tile[878].u_tile     5287    1135.801    1222600.157    1223735.959 
    gen_tile[732].u_tile     5300    1135.730    1232142.546    1233278.277 
    gen_tile[910].u_tile     5271    1135.314    1212897.254    1214032.569 
    gen_tile[18].u_tile      5284    1135.257    1212491.613    1213626.871 
    gen_tile[697].u_tile     5309    1135.181    1213519.019    1214654.200 
    gen_tile[666].u_tile     5309    1135.116    1222200.097    1223335.214 
    gen_tile[665].u_tile     5310    1134.996    1235487.343    1236622.339 
    gen_tile[17].u_tile      5276    1134.725    1193410.718    1194545.444 
    gen_tile[64].u_tile      5286    1133.483    1230951.053    1232084.537 
  u_interface              137324   40414.611   43932634.338   43973048.949 
    u_ifm_buf               42115   11596.778   19214678.833   19226275.611 

