┏━━━━━━━━━━━━━━━━━━━━━━┳━━━━━━━━━━┳━━━━━━━━━━┳━━━━━━━━━━┳━━━━━━━━━━┳━━━━━━━━━━┳━━━━━━━━━━━┳━━━━━━━━━━┳━━━━━━━━━━━┳━━━━━━━━━━┳━━━━━━━━━━━┳━━━━━━━━━━┳━━━━━━━━━━━┓
┃                      ┃ Hold     ┃ Reg to   ┃          ┃          ┃ of which ┃ Setup     ┃ Reg to   ┃           ┃ Setup    ┃ of which  ┃          ┃           ┃
┃                      ┃ Worst    ┃ Reg      ┃          ┃ Hold Vio ┃ reg to   ┃ Worst     ┃ Reg      ┃           ┃ Vio      ┃ reg to    ┃ Max Cap  ┃ Max Slew  ┃
┃ Corner/Group         ┃ Slack    ┃ Paths    ┃ Hold TNS ┃ Count    ┃ reg      ┃ Slack     ┃ Paths    ┃ Setup TNS ┃ Count    ┃ reg       ┃ Violati… ┃ Violatio… ┃
┡━━━━━━━━━━━━━━━━━━━━━━╇━━━━━━━━━━╇━━━━━━━━━━╇━━━━━━━━━━╇━━━━━━━━━━╇━━━━━━━━━━╇━━━━━━━━━━━╇━━━━━━━━━━╇━━━━━━━━━━━╇━━━━━━━━━━╇━━━━━━━━━━━╇━━━━━━━━━━╇━━━━━━━━━━━┩
│ Overall              │ -0.0029  │ 0.0387   │ -0.0029  │ 1        │ 0        │ -33.9770  │ -33.9770 │ -2562.78… │ 3094     │ 328       │ 0        │ 50        │
│ nom_tt_025C_1v80     │ 0.0218   │ 0.2125   │ 0.0000   │ 0        │ 0        │ -16.5425  │ -16.5425 │ -1038.39… │ 345      │ 36        │ 0        │ 0         │
│ nom_ss_100C_1v60     │ 0.0202   │ 0.7018   │ 0.0000   │ 0        │ 0        │ -33.4577  │ -33.4577 │ -2513.41… │ 367      │ 42        │ 0        │ 40        │
│ nom_ff_n40C_1v95     │ 0.0353   │ 0.0402   │ 0.0000   │ 0        │ 0        │ -9.7362   │ -9.7362  │ -488.8784 │ 320      │ 32        │ 0        │ 0         │
│ min_tt_025C_1v80     │ 0.0325   │ 0.2103   │ 0.0000   │ 0        │ 0        │ -16.2731  │ -16.2731 │ -1012.29… │ 343      │ 36        │ 0        │ 0         │
│ min_ss_100C_1v60     │ 0.0347   │ 0.6988   │ 0.0000   │ 0        │ 0        │ -32.9641  │ -32.9641 │ -2464.93… │ 367      │ 42        │ 0        │ 30        │
│ min_ff_n40C_1v95     │ 0.0387   │ 0.0387   │ 0.0000   │ 0        │ 0        │ -9.5458   │ -9.5458  │ -472.4767 │ 320      │ 32        │ 0        │ 0         │
│ max_tt_025C_1v80     │ 0.0054   │ 0.2146   │ 0.0000   │ 0        │ 0        │ -16.8255  │ -16.8255 │ -1065.90… │ 345      │ 34        │ 0        │ 0         │
│ max_ss_100C_1v60     │ -0.0029  │ 0.7104   │ -0.0029  │ 1        │ 0        │ -33.9770  │ -33.9770 │ -2562.78… │ 367      │ 42        │ 0        │ 50        │
│ max_ff_n40C_1v95     │ 0.0250   │ 0.0419   │ 0.0000   │ 0        │ 0        │ -9.9323   │ -9.9323  │ -505.8458 │ 320      │ 32        │ 0        │ 0         │
└──────────────────────┴──────────┴──────────┴──────────┴──────────┴──────────┴───────────┴──────────┴───────────┴──────────┴───────────┴──────────┴───────────┘
