┏━━━━━━━━━━━━━━━━━━━━━━┳━━━━━━━━━━┳━━━━━━━━━━┳━━━━━━━━━━┳━━━━━━━━━━┳━━━━━━━━━━┳━━━━━━━━━━━┳━━━━━━━━━━┳━━━━━━━━━━━┳━━━━━━━━━━┳━━━━━━━━━━━┳━━━━━━━━━━┳━━━━━━━━━━━┓
┃                      ┃ Hold     ┃ Reg to   ┃          ┃          ┃ of which ┃ Setup     ┃ Reg to   ┃           ┃ Setup    ┃ of which  ┃          ┃           ┃
┃                      ┃ Worst    ┃ Reg      ┃          ┃ Hold Vio ┃ reg to   ┃ Worst     ┃ Reg      ┃           ┃ Vio      ┃ reg to    ┃ Max Cap  ┃ Max Slew  ┃
┃ Corner/Group         ┃ Slack    ┃ Paths    ┃ Hold TNS ┃ Count    ┃ reg      ┃ Slack     ┃ Paths    ┃ Setup TNS ┃ Count    ┃ reg       ┃ Violati… ┃ Violatio… ┃
┡━━━━━━━━━━━━━━━━━━━━━━╇━━━━━━━━━━╇━━━━━━━━━━╇━━━━━━━━━━╇━━━━━━━━━━╇━━━━━━━━━━╇━━━━━━━━━━━╇━━━━━━━━━━╇━━━━━━━━━━━╇━━━━━━━━━━╇━━━━━━━━━━━╇━━━━━━━━━━╇━━━━━━━━━━━┩
│ Overall              │ 0.0443   │ 0.0443   │ 0.0000   │ 0        │ 0        │ -41.0502  │ -41.0502 │ -2695.86… │ 972      │ 169       │ 14       │ 997       │
│ nom_tt_025C_1v80     │ 0.2076   │ 0.2076   │ 0.0000   │ 0        │ 0        │ -19.6526  │ -19.6526 │ -1026.79… │ 336      │ 48        │ 2        │ 662       │
│ nom_ss_100C_1v60     │ 0.5182   │ 0.6439   │ 0.0000   │ 0        │ 0        │ -41.0502  │ -41.0502 │ -2695.86… │ 348      │ 89        │ 14       │ 997       │
│ nom_ff_n40C_1v95     │ 0.0443   │ 0.0443   │ 0.0000   │ 0        │ 0        │ -11.2342  │ -11.2342 │ -456.4702 │ 288      │ 32        │ 3        │ 514       │
└──────────────────────┴──────────┴──────────┴──────────┴──────────┴──────────┴───────────┴──────────┴───────────┴──────────┴───────────┴──────────┴───────────┘
