     -.--ns INFO     gpi                                ..mbed\gpi_embed.cpp:94   in _embed_init_python              Using Python 3.11.9 interpreter at C:\Users\amogh\AppData\Local\Programs\Python\Python311\python.exe
     -.--ns INFO     gpi                                ..\gpi\GpiCommon.cpp:79   in gpi_print_registered_impl       VPI registered
     0.00ns INFO     cocotb                             Running on Icarus Verilog version 11.0 (devel)
     0.00ns WARNING  gpi                                vpi_iterate returned NULL for type vpiInstance for object NULL
     0.00ns INFO     cocotb                             Seeding Python random module with 1779496463
     0.00ns INFO     cocotb                             Initialized cocotb v2.0.1 from C:\Users\amogh\AppData\Local\Programs\Python\Python311\Lib\site-packages\cocotb
     0.00ns INFO     cocotb.regression                  pytest not found, install it to enable better AssertionError messages
     0.00ns INFO     cocotb                             Running tests
     0.00ns INFO     cocotb.regression                  running test_forward.test_bf16_forward (1/3)
                                                            Phase 2 forward pass: 2-phase protocol (weight load + IFM tile per vector).
    40.00ns INFO     cocotb.top_ti                      ============================================================
    40.00ns INFO     cocotb.top_ti                      M3-TI Phase 2: BF16 Forward Pass (2-phase protocol)
    40.00ns INFO     cocotb.top_ti                      Weight load: CTRL[1] + stream beat → weight SRAM
    40.00ns INFO     cocotb.top_ti                      IFM tile  : stream beat + CTRL[0] → compute
    40.00ns INFO     cocotb.top_ti                      ============================================================
   480.00ns INFO     cocotb.top_ti                        PASS  T1: ramp weights × unit activations
   480.00ns INFO     cocotb.top_ti                              got=45.0  expected=45.0
   920.00ns INFO     cocotb.top_ti                        PASS  T2: alternating-sign weights × constant 2.0
   920.00ns INFO     cocotb.top_ti                              got=2.0  expected=2.0
  1360.00ns INFO     cocotb.top_ti                        PASS  T3: max BF16-safe weights × unit activations
  1360.00ns INFO     cocotb.top_ti                              got=1143.0  expected=1143.0
  1800.00ns INFO     cocotb.top_ti                        PASS  T4: Laplacian kernel × ramp activations
  1800.00ns INFO     cocotb.top_ti                              got=0.0  expected=0.0
  1800.00ns INFO     cocotb.top_ti                      ------------------------------------------------------------
  1800.00ns INFO     cocotb.top_ti                      PASS -- all 4 tests passed.
  1800.00ns INFO     cocotb.top_ti                      ============================================================
  1800.00ns INFO     cocotb.regression                  test_forward.test_bf16_forward passed
  1800.00ns INFO     cocotb.regression                  running test_forward.test_weight_reuse (2/3)
                                                            Phase 2 weight reuse: load weights=[1..9] ONCE, then compute 4 different
  1850.00ns INFO     cocotb.top_ti                      ============================================================
  1850.00ns INFO     cocotb.top_ti                      M3-TI Phase 2: Weight Reuse
  1850.00ns INFO     cocotb.top_ti                        weights = [1.0, 2.0, 3.0, 4.0, 5.0, 6.0, 7.0, 8.0, 9.0]
  1850.00ns INFO     cocotb.top_ti                        Loading weights ONCE, running 4 IFM tiles
  1850.00ns INFO     cocotb.top_ti                      ============================================================
  2050.00ns INFO     cocotb.top_ti                        Weight SRAM loaded.
  2290.00ns INFO     cocotb.top_ti                        PASS  unit activations  → 45.0
  2290.00ns INFO     cocotb.top_ti                              got=45.0  expected=45.0
  2530.00ns INFO     cocotb.top_ti                        PASS  double activations → 90.0
  2530.00ns INFO     cocotb.top_ti                              got=90.0  expected=90.0
  2770.00ns INFO     cocotb.top_ti                        PASS  negative unit      → -45.0
  2770.00ns INFO     cocotb.top_ti                              got=-45.0  expected=-45.0
  3010.00ns INFO     cocotb.top_ti                        PASS  half activations   → 22.5
  3010.00ns INFO     cocotb.top_ti                              got=22.5  expected=22.5
  3010.00ns INFO     cocotb.top_ti                      ------------------------------------------------------------
  3010.00ns INFO     cocotb.top_ti                      PASS -- all 4 weight-reuse tiles correct.
  3010.00ns INFO     cocotb.top_ti                      ============================================================
  3010.00ns INFO     cocotb.regression                  test_forward.test_weight_reuse passed
  3010.00ns INFO     cocotb.regression                  running test_backward.test_grad_w (3/3)
                                                            Phase 3 backward pass: verify dL/dW[i] = dL/dy × BF16(x[i]) for B1..B4.
  3060.00ns INFO     cocotb.top_ti                      ============================================================
  3060.00ns INFO     cocotb.top_ti                      M3-TI Phase 3: Backward Pass — dL/dW verification
  3060.00ns INFO     cocotb.top_ti                      ============================================================
  5220.00ns INFO     cocotb.top_ti                        PASS  B1: unit IFMs, dldy=1.0 → grad_w = ifms (all 1.0)
  5220.00ns INFO     cocotb.top_ti                              grad_w[0:3] got=[1.0, 1.0, 1.0]  expected=[1.0, 1.0, 1.0]
  7380.00ns INFO     cocotb.top_ti                        PASS  B2: ramp IFMs, dldy=2.0 → grad_w = 2*ifms
  7380.00ns INFO     cocotb.top_ti                              grad_w[0:3] got=[2.0, 4.0, 6.0]  expected=[2.0, 4.0, 6.0]
  9540.00ns INFO     cocotb.top_ti                        PASS  B3: alternating IFMs, dldy=0.5
  9540.00ns INFO     cocotb.top_ti                              grad_w[0:3] got=[0.5, -0.5, 0.5]  expected=[0.5, -0.5, 0.5]
 11700.00ns INFO     cocotb.top_ti                        PASS  B4: Laplacian weights, ramp IFMs, dldy=-1.0
 11700.00ns INFO     cocotb.top_ti                              grad_w[0:3] got=[-10.0, -20.0, -30.0]  expected=[-10.0, -20.0, -30.0]
 11700.00ns INFO     cocotb.top_ti                      ------------------------------------------------------------
 11700.00ns INFO     cocotb.top_ti                      PASS -- all 4 backward tests passed.
 11700.00ns INFO     cocotb.top_ti                      ============================================================
 11700.00ns INFO     cocotb.regression                  test_backward.test_grad_w passed
 11700.00ns INFO     cocotb.regression                  ****************************************************************************************
                                                        ** TEST                            STATUS  SIM TIME (ns)  REAL TIME (s)  RATIO (ns/s) **
                                                        ****************************************************************************************
                                                        ** test_forward.test_bf16_forward   PASS        1800.00           0.22       8360.11  **
                                                        ** test_forward.test_weight_reuse   PASS        1210.00           0.07      18119.56  **
                                                        ** test_backward.test_grad_w        PASS        8690.00           0.29      29750.14  **
                                                        ****************************************************************************************
                                                        ** TESTS=3 PASS=3 FAIL=0 SKIP=0                11700.00           0.60      19561.80  **
                                                        ****************************************************************************************
FST info: dumpfile dump.vcd opened for output.
