VCD info: dumpfile crossbar_tb.vcd opened for output.

=== TEST 1: in=[10,20,30,40], weights=[[+1,-1,+1,-1],[+1,+1,-1,-1],[-1,+1,+1,-1],[-1,-1,-1,+1]] ===
  [PASS] out[0] =  -40
  [PASS] out[1] =    0
  [PASS] out[2] =  -20
  [PASS] out[3] =  -20

=== TEST 2: in=[0,0,0,0] (same weights) ===
  [PASS] out[0] =    0
  [PASS] out[1] =    0
  [PASS] out[2] =    0
  [PASS] out[3] =    0

=== TEST 3: async reset asserted while inputs active ===
  [PASS] out[0] =    0
  [PASS] out[1] =    0
  [PASS] out[2] =    0
  [PASS] out[3] =    0

=== TEST 4: recovery after reset, in=[10,20,30,40] ===
  [PASS] out[0] =  -40
  [PASS] out[1] =    0
  [PASS] out[2] =  -20
  [PASS] out[3] =  -20

============================================================
  Simulation complete: 16 PASS, 0 FAIL
  >>> ALL TESTS PASSED <<<
============================================================

